// Jest Snapshot v1, https://goo.gl/fbAQLP

exports[`gatsby-plugin-sitemap Node API aftership moke data 1`] = `
Object {
  "pagesContent": Array [
    Object {
      "lang": "fr",
      "pageContent": "<?xml version=\\"1.0\\" encoding=\\"UTF-8\\"?><urlset xmlns=\\"http://www.sitemaps.org/schemas/sitemap/0.9\\" xmlns:xhtml=\\"http://www.w3.org/1999/xhtml\\"><url><loc>https://www.aftership.com/fr/</loc><xhtml:link rel=\\"alternate\\" hreflang=\\"x-default\\" href=\\"https://www.aftership.com/\\" /><xhtml:link rel=\\"alternate\\" hreflang=\\"zh-Hans\\" href=\\"https://www.aftership.com/zh-Hans/\\" /><xhtml:link rel=\\"alternate\\" hreflang=\\"frrrr\\" href=\\"https://www.aftership.com/fr/\\" /></url><url><loc>https://www.aftership.com/fr/features</loc><xhtml:link rel=\\"alternate\\" hreflang=\\"zh-Hans\\" href=\\"https://www.aftership.com/zh-Hans/features\\" /><xhtml:link rel=\\"alternate\\" hreflang=\\"frrrr\\" href=\\"https://www.aftership.com/fr/features\\" /></url></urlset>",
    },
    Object {
      "lang": "zh-Hans",
      "pageContent": "<?xml version=\\"1.0\\" encoding=\\"UTF-8\\"?><urlset xmlns=\\"http://www.sitemaps.org/schemas/sitemap/0.9\\" xmlns:xhtml=\\"http://www.w3.org/1999/xhtml\\"><url><loc>https://www.aftership.com/zh-Hans/</loc><xhtml:link rel=\\"alternate\\" hreflang=\\"x-default\\" href=\\"https://www.aftership.com/\\" /><xhtml:link rel=\\"alternate\\" hreflang=\\"zh-Hans\\" href=\\"https://www.aftership.com/zh-Hans/\\" /><xhtml:link rel=\\"alternate\\" hreflang=\\"frrrr\\" href=\\"https://www.aftership.com/fr/\\" /></url><url><loc>https://www.aftership.com/zh-Hans/features</loc><xhtml:link rel=\\"alternate\\" hreflang=\\"zh-Hans\\" href=\\"https://www.aftership.com/zh-Hans/features\\" /><xhtml:link rel=\\"alternate\\" hreflang=\\"frrrr\\" href=\\"https://www.aftership.com/fr/features\\" /></url></urlset>",
    },
    Object {
      "lang": "x-default",
      "pageContent": "<?xml version=\\"1.0\\" encoding=\\"UTF-8\\"?><urlset xmlns=\\"http://www.sitemaps.org/schemas/sitemap/0.9\\" xmlns:xhtml=\\"http://www.w3.org/1999/xhtml\\"><url><loc>https://www.aftership.com/</loc><xhtml:link rel=\\"alternate\\" hreflang=\\"x-default\\" href=\\"https://www.aftership.com/\\" /><xhtml:link rel=\\"alternate\\" hreflang=\\"zh-Hans\\" href=\\"https://www.aftership.com/zh-Hans/\\" /><xhtml:link rel=\\"alternate\\" hreflang=\\"frrrr\\" href=\\"https://www.aftership.com/fr/\\" /></url><url><loc>https://www.aftership.com/editor</loc><xhtml:link rel=\\"alternate\\" hreflang=\\"x-default\\" href=\\"https://www.aftership.com/editor\\" /></url><url><loc>https://www.aftership.com/amp/editor</loc><xhtml:link rel=\\"alternate\\" hreflang=\\"x-default\\" href=\\"https://www.aftership.com/amp/editor\\" /></url><url><loc>https://www.aftership.com/amp/apps/mazet</loc><xhtml:link rel=\\"alternate\\" hreflang=\\"x-default\\" href=\\"https://www.aftership.com/amp/apps/mazet\\" /></url><url><loc>https://www.aftership.com/apps/legion-express</loc><xhtml:link rel=\\"alternate\\" hreflang=\\"x-default\\" href=\\"https://www.aftership.com/apps/legion-express\\" /></url><url><loc>https://www.aftership.com/amp/apps/legion-express</loc><xhtml:link rel=\\"alternate\\" hreflang=\\"x-default\\" href=\\"https://www.aftership.com/amp/apps/legion-express\\" /></url></urlset>",
    },
  ],
  "sitemapIndexXML": "<?xml version=\\"1.0\\" encoding=\\"UTF-8\\"?><sitemapindex xmlns=\\"http://www.sitemaps.org/schemas/sitemap/0.9\\"><sitemap><loc>https://www.aftership.com/subdir/sitemap.xml</loc></sitemap><sitemap><loc>https://www.aftership.com/subdir/fr-sitemap.xml</loc></sitemap><sitemap><loc>https://www.aftership.com/subdir/zh-Hans-sitemap.xml</loc></sitemap><sitemap><loc>https://www.aftership.com/subdir/x-default-sitemap.xml</loc></sitemap></sitemapindex>",
}
`;
